LEGEND
.  0x00
/t 0x01
Tt 0x02
T\ 0x03
|x 0x11
Xx 0x12
X| 0x13
<C 0x04
C> 0x05
Ss 0x10

MAP
. . . . . . . . . . . . . . . . . . . . . . . . . . . . . . 
. . . . . . . . . . . . . . . . . . . . . . . . . . . . . . 
. . <CC>. . . . . . . . . . . . . . . . . . . . . . . . . . 
. . . . . . . . . . . . . . . . . . . . <CC>. . . . . . . . 
. . . . . . . . . . . . . . . . . . . . . . . . Ss. . . . . 
. . . . . . . . <CC>. . . . . . . . . . . . . . . . . . . . 
. . . . . . . . . . . . . . . . . . . . . . . . . . . . . . 
. . . . . . . . . . . . . . . . . . . . . . . . . . . . . . 
. . . . . . . . . . . . . . . . . . . . . . . . . . . . . . 
. . . . . . . . . . . . . . . . . . . . . . . . . . /tTtTtTt
. . . . . . . . . . . . . . . . . . . /tTtTtT\. . . |xXxXxXx
. . . . . . . . . . . . . . . . . . . |xXxXxX|. . . |xXxXxXx
. . . . . . . . . . . . . . . . . . . |xXxXxX|. . . |xXxXxXx
. . . . . . . . . . . . . . /tTtTtTtTtTtTtTtTtT\. . |xXxXxXx
. . . . . . . . . . . . . . |xXxXxXxXxXxXxXxXxX|. . |xXxXxXx
TtTtTtTtTtTtTtTtTtTtTtTtTtTtTtTtTtTtTtTtTtTtTtTtTtTtTtTtTtTt
